--------------------------------------------------------------------------------
Release 14.7 Trace  (nt64)
Copyright (c) 1995-2013 Xilinx, Inc.  All rights reserved.

C:\Xilinx\14.7\ISE_DS\ISE\bin\nt64\unwrapped\trce.exe -intstyle ise -v 3 -s 3
-n 3 -fastpaths -xml shfit_right.twx shfit_right.ncd -o shfit_right.twr
shfit_right.pcf

Design file:              shfit_right.ncd
Physical constraint file: shfit_right.pcf
Device,package,speed:     xc6slx16,csg324,C,-3 (PRODUCTION 1.23 2013-10-13)
Report level:             verbose report

Environment Variable      Effect 
--------------------      ------ 
NONE                      No environment variables were set
--------------------------------------------------------------------------------

INFO:Timing:2698 - No timing constraints found, doing default enumeration.
INFO:Timing:3412 - To improve timing, see the Timing Closure User Guide (UG612).
INFO:Timing:2752 - To get complete path coverage, use the unconstrained paths 
   option. All paths that are not constrained will be reported in the 
   unconstrained paths section(s) of the report.
INFO:Timing:3339 - The clock-to-out numbers in this timing report are based on 
   a 50 Ohm transmission line loading model.  For the details of this model, 
   and for more information on accounting for different loading conditions, 
   please see the device datasheet.



Data Sheet report:
-----------------
All values displayed in nanoseconds (ns)

Pad to Pad
---------------+---------------+---------+
Source Pad     |Destination Pad|  Delay  |
---------------+---------------+---------+
diff<0>        |shifted<0>     |   18.189|
diff<0>        |shifted<1>     |   14.983|
diff<0>        |shifted<2>     |   16.115|
diff<0>        |shifted<3>     |   14.155|
diff<0>        |shifted<4>     |   14.369|
diff<0>        |shifted<5>     |   14.791|
diff<0>        |shifted<6>     |   14.028|
diff<0>        |shifted<7>     |   14.570|
diff<0>        |shifted<8>     |   14.485|
diff<0>        |shifted<9>     |   15.080|
diff<0>        |shifted<10>    |   14.901|
diff<0>        |shifted<11>    |   14.225|
diff<0>        |shifted<12>    |   13.505|
diff<0>        |shifted<13>    |   13.628|
diff<0>        |shifted<14>    |   13.648|
diff<0>        |shifted<15>    |   13.047|
diff<0>        |shifted<16>    |   13.266|
diff<0>        |shifted<17>    |   12.914|
diff<0>        |shifted<18>    |   12.297|
diff<0>        |shifted<19>    |   12.456|
diff<0>        |shifted<20>    |   12.863|
diff<0>        |shifted<21>    |   12.877|
diff<0>        |shifted<22>    |   12.578|
diff<0>        |shifted<23>    |   12.844|
diff<0>        |shifted<24>    |   12.964|
diff<0>        |shifted<25>    |   12.393|
diff<0>        |shifted<26>    |   12.098|
diff<1>        |shifted<0>     |   18.217|
diff<1>        |shifted<1>     |   15.340|
diff<1>        |shifted<2>     |   16.216|
diff<1>        |shifted<3>     |   14.471|
diff<1>        |shifted<4>     |   14.526|
diff<1>        |shifted<5>     |   14.972|
diff<1>        |shifted<6>     |   14.301|
diff<1>        |shifted<7>     |   14.823|
diff<1>        |shifted<8>     |   14.323|
diff<1>        |shifted<9>     |   15.188|
diff<1>        |shifted<10>    |   15.174|
diff<1>        |shifted<11>    |   14.441|
diff<1>        |shifted<12>    |   13.275|
diff<1>        |shifted<13>    |   14.141|
diff<1>        |shifted<14>    |   13.850|
diff<1>        |shifted<15>    |   13.229|
diff<1>        |shifted<16>    |   13.036|
diff<1>        |shifted<17>    |   12.996|
diff<1>        |shifted<18>    |   12.632|
diff<1>        |shifted<19>    |   12.373|
diff<1>        |shifted<20>    |   12.887|
diff<1>        |shifted<21>    |   12.901|
diff<1>        |shifted<22>    |   13.153|
diff<1>        |shifted<23>    |   12.761|
diff<1>        |shifted<24>    |   12.988|
diff<1>        |shifted<25>    |   12.461|
diff<1>        |shifted<26>    |   12.076|
diff<2>        |shifted<0>     |   17.188|
diff<2>        |shifted<1>     |   14.113|
diff<2>        |shifted<2>     |   14.675|
diff<2>        |shifted<3>     |   12.666|
diff<2>        |shifted<4>     |   13.599|
diff<2>        |shifted<5>     |   14.214|
diff<2>        |shifted<6>     |   13.433|
diff<2>        |shifted<7>     |   13.418|
diff<2>        |shifted<8>     |   13.943|
diff<2>        |shifted<9>     |   13.806|
diff<2>        |shifted<10>    |   13.783|
diff<2>        |shifted<11>    |   13.483|
diff<2>        |shifted<12>    |   12.495|
diff<2>        |shifted<13>    |   12.809|
diff<2>        |shifted<14>    |   12.591|
diff<2>        |shifted<15>    |   11.078|
diff<2>        |shifted<16>    |   11.177|
diff<2>        |shifted<17>    |   11.511|
diff<2>        |shifted<18>    |   11.154|
diff<2>        |shifted<19>    |   11.601|
diff<2>        |shifted<20>    |   11.558|
diff<2>        |shifted<21>    |   11.460|
diff<2>        |shifted<22>    |   12.516|
diff<2>        |shifted<23>    |   11.989|
diff<2>        |shifted<24>    |   11.659|
diff<2>        |shifted<25>    |   11.969|
diff<2>        |shifted<26>    |   11.725|
diff<3>        |shifted<0>     |   16.316|
diff<3>        |shifted<1>     |   14.610|
diff<3>        |shifted<2>     |   15.053|
diff<3>        |shifted<3>     |   13.264|
diff<3>        |shifted<4>     |   13.482|
diff<3>        |shifted<5>     |   14.743|
diff<3>        |shifted<6>     |   13.345|
diff<3>        |shifted<7>     |   14.102|
diff<3>        |shifted<8>     |   14.040|
diff<3>        |shifted<9>     |   14.017|
diff<3>        |shifted<10>    |   14.090|
diff<3>        |shifted<11>    |   13.916|
diff<3>        |shifted<12>    |   12.548|
diff<3>        |shifted<13>    |   12.919|
diff<3>        |shifted<14>    |   13.162|
diff<3>        |shifted<15>    |   11.349|
diff<3>        |shifted<16>    |   11.152|
diff<3>        |shifted<17>    |   11.717|
diff<3>        |shifted<18>    |   11.376|
diff<3>        |shifted<19>    |   11.454|
diff<3>        |shifted<20>    |   12.017|
diff<3>        |shifted<21>    |   11.358|
diff<3>        |shifted<22>    |   12.373|
diff<3>        |shifted<23>    |   11.842|
diff<3>        |shifted<24>    |   12.118|
diff<3>        |shifted<25>    |   12.373|
diff<3>        |shifted<26>    |   11.783|
diff<4>        |shifted<0>     |   15.818|
diff<4>        |shifted<1>     |   11.297|
diff<4>        |shifted<2>     |   11.507|
diff<4>        |shifted<3>     |   10.852|
diff<4>        |shifted<4>     |   11.531|
diff<4>        |shifted<5>     |   11.866|
diff<4>        |shifted<6>     |   11.832|
diff<4>        |shifted<7>     |   11.473|
diff<4>        |shifted<8>     |   11.774|
diff<4>        |shifted<9>     |   11.602|
diff<4>        |shifted<10>    |   11.795|
diff<4>        |shifted<11>    |   11.550|
diff<4>        |shifted<12>    |   11.764|
diff<4>        |shifted<13>    |   12.161|
diff<4>        |shifted<14>    |   12.083|
diff<4>        |shifted<15>    |   12.305|
diff<4>        |shifted<16>    |   11.923|
diff<4>        |shifted<17>    |   12.537|
diff<4>        |shifted<18>    |   12.338|
diff<4>        |shifted<19>    |   12.461|
diff<4>        |shifted<20>    |   12.991|
diff<4>        |shifted<21>    |   12.426|
diff<4>        |shifted<22>    |   11.854|
diff<4>        |shifted<23>    |   12.849|
diff<4>        |shifted<24>    |   13.092|
diff<4>        |shifted<25>    |   11.813|
diff<4>        |shifted<26>    |   12.652|
diff<5>        |shifted<0>     |   13.673|
diff<5>        |shifted<1>     |   11.168|
diff<5>        |shifted<2>     |   11.344|
diff<5>        |shifted<3>     |   10.685|
diff<5>        |shifted<4>     |   11.449|
diff<5>        |shifted<5>     |   11.941|
diff<5>        |shifted<6>     |   11.166|
diff<5>        |shifted<7>     |   11.079|
diff<5>        |shifted<8>     |   11.461|
diff<5>        |shifted<9>     |   11.126|
diff<5>        |shifted<10>    |   11.561|
diff<5>        |shifted<11>    |   11.160|
diff<5>        |shifted<12>    |   11.508|
diff<5>        |shifted<13>    |   11.793|
diff<5>        |shifted<14>    |   11.586|
diff<5>        |shifted<15>    |   11.915|
diff<5>        |shifted<16>    |   11.533|
diff<5>        |shifted<17>    |   12.147|
diff<5>        |shifted<18>    |   11.948|
diff<5>        |shifted<19>    |   12.071|
diff<5>        |shifted<20>    |   12.601|
diff<5>        |shifted<21>    |   12.036|
diff<5>        |shifted<22>    |   11.511|
diff<5>        |shifted<23>    |   12.459|
diff<5>        |shifted<24>    |   12.702|
diff<5>        |shifted<25>    |   11.927|
diff<5>        |shifted<26>    |   12.262|
diff<6>        |shifted<0>     |   12.196|
diff<6>        |shifted<1>     |   10.932|
diff<6>        |shifted<2>     |   11.144|
diff<6>        |shifted<3>     |   11.117|
diff<6>        |shifted<4>     |   11.714|
diff<6>        |shifted<5>     |   11.535|
diff<6>        |shifted<6>     |   11.304|
diff<6>        |shifted<7>     |   11.539|
diff<6>        |shifted<8>     |   11.543|
diff<6>        |shifted<9>     |   11.220|
diff<6>        |shifted<10>    |   11.377|
diff<6>        |shifted<11>    |   11.578|
diff<6>        |shifted<12>    |   11.334|
diff<6>        |shifted<13>    |   11.669|
diff<6>        |shifted<14>    |   11.473|
diff<6>        |shifted<15>    |   12.333|
diff<6>        |shifted<16>    |   11.951|
diff<6>        |shifted<17>    |   12.565|
diff<6>        |shifted<18>    |   12.366|
diff<6>        |shifted<19>    |   12.489|
diff<6>        |shifted<20>    |   13.019|
diff<6>        |shifted<21>    |   12.454|
diff<6>        |shifted<22>    |   11.696|
diff<6>        |shifted<23>    |   12.877|
diff<6>        |shifted<24>    |   13.120|
diff<6>        |shifted<25>    |   12.245|
diff<6>        |shifted<26>    |   12.680|
diff<7>        |shifted<0>     |   11.545|
diff<7>        |shifted<1>     |   10.358|
diff<7>        |shifted<2>     |   10.460|
diff<7>        |shifted<3>     |   10.274|
diff<7>        |shifted<4>     |   11.091|
diff<7>        |shifted<5>     |   10.996|
diff<7>        |shifted<6>     |   10.695|
diff<7>        |shifted<7>     |   11.039|
diff<7>        |shifted<8>     |   10.800|
diff<7>        |shifted<9>     |   10.845|
diff<7>        |shifted<10>    |   10.629|
diff<7>        |shifted<11>    |   11.081|
diff<7>        |shifted<12>    |   10.631|
diff<7>        |shifted<13>    |   11.018|
diff<7>        |shifted<14>    |   11.409|
diff<7>        |shifted<15>    |   11.836|
diff<7>        |shifted<16>    |   11.454|
diff<7>        |shifted<17>    |   12.068|
diff<7>        |shifted<18>    |   11.869|
diff<7>        |shifted<19>    |   11.992|
diff<7>        |shifted<20>    |   12.522|
diff<7>        |shifted<21>    |   11.957|
diff<7>        |shifted<22>    |   11.587|
diff<7>        |shifted<23>    |   12.380|
diff<7>        |shifted<24>    |   12.623|
diff<7>        |shifted<25>    |   11.594|
diff<7>        |shifted<26>    |   12.183|
frac<0>        |shifted<0>     |   15.710|
frac<0>        |shifted<1>     |   12.516|
frac<1>        |shifted<0>     |   15.740|
frac<1>        |shifted<1>     |   12.168|
frac<1>        |shifted<2>     |   13.445|
frac<2>        |shifted<0>     |   15.524|
frac<2>        |shifted<1>     |   11.985|
frac<2>        |shifted<2>     |   13.112|
frac<2>        |shifted<3>     |   11.389|
frac<3>        |shifted<0>     |   15.841|
frac<3>        |shifted<1>     |   12.384|
frac<3>        |shifted<2>     |   13.406|
frac<3>        |shifted<3>     |   11.813|
frac<3>        |shifted<4>     |   12.192|
frac<4>        |shifted<0>     |   15.753|
frac<4>        |shifted<1>     |   13.383|
frac<4>        |shifted<2>     |   13.162|
frac<4>        |shifted<3>     |   11.725|
frac<4>        |shifted<4>     |   12.407|
frac<4>        |shifted<5>     |   12.631|
frac<5>        |shifted<0>     |   15.122|
frac<5>        |shifted<1>     |   12.724|
frac<5>        |shifted<2>     |   13.380|
frac<5>        |shifted<3>     |   11.094|
frac<5>        |shifted<4>     |   11.748|
frac<5>        |shifted<5>     |   11.972|
frac<5>        |shifted<6>     |   11.644|
frac<6>        |shifted<0>     |   14.956|
frac<6>        |shifted<1>     |   12.913|
frac<6>        |shifted<2>     |   13.508|
frac<6>        |shifted<3>     |   11.644|
frac<6>        |shifted<4>     |   11.890|
frac<6>        |shifted<5>     |   12.161|
frac<6>        |shifted<6>     |   11.772|
frac<6>        |shifted<7>     |   12.337|
frac<7>        |shifted<0>     |   15.385|
frac<7>        |shifted<1>     |   13.084|
frac<7>        |shifted<2>     |   13.544|
frac<7>        |shifted<3>     |   11.872|
frac<7>        |shifted<4>     |   12.194|
frac<7>        |shifted<5>     |   12.332|
frac<7>        |shifted<6>     |   11.808|
frac<7>        |shifted<7>     |   12.565|
frac<7>        |shifted<8>     |   12.633|
frac<8>        |shifted<0>     |   15.024|
frac<8>        |shifted<1>     |   12.894|
frac<8>        |shifted<2>     |   13.381|
frac<8>        |shifted<3>     |   11.748|
frac<8>        |shifted<4>     |   11.833|
frac<8>        |shifted<5>     |   12.526|
frac<8>        |shifted<6>     |   11.645|
frac<8>        |shifted<7>     |   12.441|
frac<8>        |shifted<8>     |   12.272|
frac<8>        |shifted<9>     |   12.244|
frac<9>        |shifted<0>     |   15.074|
frac<9>        |shifted<1>     |   12.778|
frac<9>        |shifted<2>     |   13.520|
frac<9>        |shifted<3>     |   11.643|
frac<9>        |shifted<4>     |   11.883|
frac<9>        |shifted<5>     |   12.410|
frac<9>        |shifted<6>     |   12.204|
frac<9>        |shifted<7>     |   12.336|
frac<9>        |shifted<8>     |   12.322|
frac<9>        |shifted<9>     |   12.128|
frac<9>        |shifted<10>    |   12.660|
frac<10>       |shifted<0>     |   15.337|
frac<10>       |shifted<1>     |   12.497|
frac<10>       |shifted<2>     |   13.169|
frac<10>       |shifted<3>     |   12.128|
frac<10>       |shifted<4>     |   12.146|
frac<10>       |shifted<5>     |   12.129|
frac<10>       |shifted<6>     |   11.853|
frac<10>       |shifted<7>     |   12.480|
frac<10>       |shifted<8>     |   12.585|
frac<10>       |shifted<9>     |   11.847|
frac<10>       |shifted<10>    |   12.309|
frac<10>       |shifted<11>    |   12.098|
frac<11>       |shifted<0>     |   14.549|
frac<11>       |shifted<1>     |   12.975|
frac<11>       |shifted<2>     |   12.883|
frac<11>       |shifted<3>     |   11.998|
frac<11>       |shifted<4>     |   12.714|
frac<11>       |shifted<5>     |   12.607|
frac<11>       |shifted<6>     |   11.567|
frac<11>       |shifted<7>     |   12.350|
frac<11>       |shifted<8>     |   12.872|
frac<11>       |shifted<9>     |   12.325|
frac<11>       |shifted<10>    |   12.023|
frac<11>       |shifted<11>    |   11.968|
frac<11>       |shifted<12>    |   11.511|
frac<12>       |shifted<0>     |   15.115|
frac<12>       |shifted<1>     |   13.541|
frac<12>       |shifted<2>     |   13.295|
frac<12>       |shifted<3>     |   12.092|
frac<12>       |shifted<4>     |   13.564|
frac<12>       |shifted<5>     |   13.465|
frac<12>       |shifted<6>     |   11.979|
frac<12>       |shifted<7>     |   12.444|
frac<12>       |shifted<8>     |   13.722|
frac<12>       |shifted<9>     |   13.736|
frac<12>       |shifted<10>    |   12.435|
frac<12>       |shifted<11>    |   12.062|
frac<12>       |shifted<12>    |   12.361|
frac<12>       |shifted<13>    |   12.252|
frac<13>       |shifted<0>     |   15.041|
frac<13>       |shifted<1>     |   13.467|
frac<13>       |shifted<2>     |   13.723|
frac<13>       |shifted<3>     |   11.987|
frac<13>       |shifted<4>     |   13.197|
frac<13>       |shifted<5>     |   13.391|
frac<13>       |shifted<6>     |   12.958|
frac<13>       |shifted<7>     |   12.339|
frac<13>       |shifted<8>     |   13.355|
frac<13>       |shifted<9>     |   13.662|
frac<13>       |shifted<10>    |   13.831|
frac<13>       |shifted<11>    |   11.957|
frac<13>       |shifted<12>    |   11.994|
frac<13>       |shifted<13>    |   12.178|
frac<13>       |shifted<14>    |   12.409|
frac<14>       |shifted<0>     |   14.447|
frac<14>       |shifted<1>     |   12.873|
frac<14>       |shifted<2>     |   13.373|
frac<14>       |shifted<3>     |   11.630|
frac<14>       |shifted<4>     |   12.723|
frac<14>       |shifted<5>     |   12.797|
frac<14>       |shifted<6>     |   12.608|
frac<14>       |shifted<7>     |   12.330|
frac<14>       |shifted<8>     |   12.881|
frac<14>       |shifted<9>     |   13.068|
frac<14>       |shifted<10>    |   13.481|
frac<14>       |shifted<11>    |   12.238|
frac<14>       |shifted<12>    |   11.520|
frac<14>       |shifted<13>    |   11.584|
frac<14>       |shifted<14>    |   12.059|
frac<14>       |shifted<15>    |   11.060|
frac<15>       |shifted<0>     |   14.334|
frac<15>       |shifted<1>     |   12.760|
frac<15>       |shifted<2>     |   12.943|
frac<15>       |shifted<3>     |   11.539|
frac<15>       |shifted<4>     |   12.260|
frac<15>       |shifted<5>     |   12.684|
frac<15>       |shifted<6>     |   12.178|
frac<15>       |shifted<7>     |   12.239|
frac<15>       |shifted<8>     |   12.662|
frac<15>       |shifted<9>     |   12.955|
frac<15>       |shifted<10>    |   13.051|
frac<15>       |shifted<11>    |   12.147|
frac<15>       |shifted<12>    |   11.879|
frac<15>       |shifted<13>    |   11.471|
frac<15>       |shifted<14>    |   11.629|
frac<15>       |shifted<15>    |   10.969|
frac<15>       |shifted<16>    |   11.640|
frac<16>       |shifted<0>     |   14.206|
frac<16>       |shifted<1>     |   12.672|
frac<16>       |shifted<2>     |   13.227|
frac<16>       |shifted<3>     |   11.857|
frac<16>       |shifted<4>     |   12.210|
frac<16>       |shifted<5>     |   12.962|
frac<16>       |shifted<6>     |   12.462|
frac<16>       |shifted<7>     |   12.557|
frac<16>       |shifted<8>     |   12.612|
frac<16>       |shifted<9>     |   13.394|
frac<16>       |shifted<10>    |   13.335|
frac<16>       |shifted<11>    |   12.465|
frac<16>       |shifted<12>    |   11.829|
frac<16>       |shifted<13>    |   11.942|
frac<16>       |shifted<14>    |   11.913|
frac<16>       |shifted<15>    |   11.287|
frac<16>       |shifted<16>    |   11.590|
frac<16>       |shifted<17>    |   11.228|
frac<17>       |shifted<0>     |   14.291|
frac<17>       |shifted<1>     |   12.605|
frac<17>       |shifted<2>     |   11.125|
frac<17>       |shifted<3>     |   11.806|
frac<17>       |shifted<4>     |   12.213|
frac<17>       |shifted<5>     |   12.895|
frac<17>       |shifted<6>     |   12.905|
frac<17>       |shifted<7>     |   12.506|
frac<17>       |shifted<8>     |   12.615|
frac<17>       |shifted<9>     |   13.327|
frac<17>       |shifted<10>    |   13.574|
frac<17>       |shifted<11>    |   12.414|
frac<17>       |shifted<12>    |   11.832|
frac<17>       |shifted<13>    |   11.875|
frac<17>       |shifted<14>    |   12.769|
frac<17>       |shifted<15>    |   11.236|
frac<17>       |shifted<16>    |   11.593|
frac<17>       |shifted<17>    |   11.161|
frac<17>       |shifted<18>    |   11.418|
frac<18>       |shifted<0>     |   14.488|
frac<18>       |shifted<1>     |   12.954|
frac<18>       |shifted<2>     |   10.836|
frac<18>       |shifted<3>     |   11.805|
frac<18>       |shifted<4>     |   12.637|
frac<18>       |shifted<5>     |   13.244|
frac<18>       |shifted<6>     |   12.616|
frac<18>       |shifted<7>     |   13.575|
frac<18>       |shifted<8>     |   13.039|
frac<18>       |shifted<9>     |   13.676|
frac<18>       |shifted<10>    |   13.285|
frac<18>       |shifted<11>    |   13.379|
frac<18>       |shifted<12>    |   12.256|
frac<18>       |shifted<13>    |   12.224|
frac<18>       |shifted<14>    |   12.480|
frac<18>       |shifted<15>    |   11.345|
frac<18>       |shifted<16>    |   12.017|
frac<18>       |shifted<17>    |   11.510|
frac<18>       |shifted<18>    |   11.129|
frac<18>       |shifted<19>    |   11.338|
frac<19>       |shifted<0>     |   14.675|
frac<19>       |shifted<1>     |   12.406|
frac<19>       |shifted<2>     |   11.509|
frac<19>       |shifted<3>     |   11.666|
frac<19>       |shifted<4>     |   11.925|
frac<19>       |shifted<5>     |   12.696|
frac<19>       |shifted<6>     |   13.289|
frac<19>       |shifted<7>     |   13.436|
frac<19>       |shifted<8>     |   13.190|
frac<19>       |shifted<9>     |   13.128|
frac<19>       |shifted<10>    |   13.958|
frac<19>       |shifted<11>    |   13.240|
frac<19>       |shifted<12>    |   12.311|
frac<19>       |shifted<13>    |   11.676|
frac<19>       |shifted<14>    |   13.153|
frac<19>       |shifted<15>    |   11.206|
frac<19>       |shifted<16>    |   11.074|
frac<19>       |shifted<17>    |   10.962|
frac<19>       |shifted<18>    |   11.802|
frac<19>       |shifted<19>    |   11.199|
frac<19>       |shifted<20>    |   11.436|
frac<20>       |shifted<0>     |   15.082|
frac<20>       |shifted<1>     |   13.376|
frac<20>       |shifted<2>     |   11.163|
frac<20>       |shifted<3>     |   11.503|
frac<20>       |shifted<4>     |   11.914|
frac<20>       |shifted<5>     |   13.509|
frac<20>       |shifted<6>     |   12.943|
frac<20>       |shifted<7>     |   13.273|
frac<20>       |shifted<8>     |   13.179|
frac<20>       |shifted<9>     |   13.852|
frac<20>       |shifted<10>    |   13.612|
frac<20>       |shifted<11>    |   13.077|
frac<20>       |shifted<12>    |   12.300|
frac<20>       |shifted<13>    |   12.805|
frac<20>       |shifted<14>    |   12.807|
frac<20>       |shifted<15>    |   11.043|
frac<20>       |shifted<16>    |   11.063|
frac<20>       |shifted<17>    |   11.105|
frac<20>       |shifted<18>    |   11.456|
frac<20>       |shifted<19>    |   11.036|
frac<20>       |shifted<20>    |   11.425|
frac<20>       |shifted<21>    |   11.142|
frac<21>       |shifted<0>     |   15.029|
frac<21>       |shifted<1>     |   13.323|
frac<21>       |shifted<2>     |   11.847|
frac<21>       |shifted<3>     |   11.623|
frac<21>       |shifted<4>     |   11.581|
frac<21>       |shifted<5>     |   13.456|
frac<21>       |shifted<6>     |   11.540|
frac<21>       |shifted<7>     |   13.393|
frac<21>       |shifted<8>     |   12.846|
frac<21>       |shifted<9>     |   13.799|
frac<21>       |shifted<10>    |   13.477|
frac<21>       |shifted<11>    |   13.197|
frac<21>       |shifted<12>    |   11.967|
frac<21>       |shifted<13>    |   12.752|
frac<21>       |shifted<14>    |   12.842|
frac<21>       |shifted<15>    |   11.163|
frac<21>       |shifted<16>    |   10.730|
frac<21>       |shifted<17>    |   11.052|
frac<21>       |shifted<18>    |   11.624|
frac<21>       |shifted<19>    |   11.156|
frac<21>       |shifted<20>    |   11.092|
frac<21>       |shifted<21>    |   11.089|
frac<21>       |shifted<22>    |   12.145|
frac<22>       |shifted<0>     |   14.935|
frac<22>       |shifted<1>     |   13.229|
frac<22>       |shifted<2>     |   11.915|
frac<22>       |shifted<3>     |   10.791|
frac<22>       |shifted<4>     |   11.909|
frac<22>       |shifted<5>     |   13.362|
frac<22>       |shifted<6>     |   11.608|
frac<22>       |shifted<7>     |   11.261|
frac<22>       |shifted<8>     |   13.174|
frac<22>       |shifted<9>     |   13.705|
frac<22>       |shifted<10>    |   13.545|
frac<22>       |shifted<11>    |   12.774|
frac<22>       |shifted<12>    |   12.295|
frac<22>       |shifted<13>    |   12.658|
frac<22>       |shifted<14>    |   12.910|
frac<22>       |shifted<15>    |   10.720|
frac<22>       |shifted<16>    |   11.058|
frac<22>       |shifted<17>    |   10.958|
frac<22>       |shifted<18>    |   11.692|
frac<22>       |shifted<19>    |   11.238|
frac<22>       |shifted<20>    |   11.420|
frac<22>       |shifted<21>    |   10.995|
frac<22>       |shifted<22>    |   12.213|
frac<22>       |shifted<23>    |   11.626|
frac<23>       |shifted<0>     |   14.764|
frac<23>       |shifted<1>     |   13.058|
frac<23>       |shifted<2>     |   11.771|
frac<23>       |shifted<3>     |   11.363|
frac<23>       |shifted<4>     |   11.359|
frac<23>       |shifted<5>     |   13.191|
frac<23>       |shifted<6>     |   11.464|
frac<23>       |shifted<7>     |   11.833|
frac<23>       |shifted<8>     |   12.121|
frac<23>       |shifted<9>     |   13.534|
frac<23>       |shifted<10>    |   13.401|
frac<23>       |shifted<11>    |   13.346|
frac<23>       |shifted<12>    |   11.414|
frac<23>       |shifted<13>    |   12.487|
frac<23>       |shifted<14>    |   12.766|
frac<23>       |shifted<15>    |   11.292|
frac<23>       |shifted<16>    |   11.089|
frac<23>       |shifted<17>    |   10.787|
frac<23>       |shifted<18>    |   11.548|
frac<23>       |shifted<19>    |   11.810|
frac<23>       |shifted<20>    |   11.305|
frac<23>       |shifted<21>    |   10.824|
frac<23>       |shifted<22>    |   12.069|
frac<23>       |shifted<23>    |   12.198|
frac<23>       |shifted<24>    |   11.406|
frac<24>       |shifted<0>     |   14.835|
frac<24>       |shifted<1>     |   13.129|
frac<24>       |shifted<2>     |   11.571|
frac<24>       |shifted<3>     |   10.736|
frac<24>       |shifted<4>     |   11.857|
frac<24>       |shifted<5>     |   13.262|
frac<24>       |shifted<6>     |   11.264|
frac<24>       |shifted<7>     |   11.206|
frac<24>       |shifted<8>     |   12.619|
frac<24>       |shifted<9>     |   10.988|
frac<24>       |shifted<10>    |   13.201|
frac<24>       |shifted<11>    |   12.719|
frac<24>       |shifted<12>    |   11.912|
frac<24>       |shifted<13>    |   12.345|
frac<24>       |shifted<14>    |   12.566|
frac<24>       |shifted<15>    |   10.665|
frac<24>       |shifted<16>    |   11.587|
frac<24>       |shifted<17>    |   11.317|
frac<24>       |shifted<18>    |   11.348|
frac<24>       |shifted<19>    |   11.183|
frac<24>       |shifted<20>    |   11.803|
frac<24>       |shifted<21>    |   11.817|
frac<24>       |shifted<22>    |   11.869|
frac<24>       |shifted<23>    |   11.571|
frac<24>       |shifted<24>    |   11.904|
frac<24>       |shifted<25>    |   11.398|
frac<25>       |shifted<0>     |   14.295|
frac<25>       |shifted<1>     |   12.589|
frac<25>       |shifted<2>     |   10.974|
frac<25>       |shifted<3>     |   10.676|
frac<25>       |shifted<4>     |   11.317|
frac<25>       |shifted<5>     |   12.722|
frac<25>       |shifted<6>     |   10.966|
frac<25>       |shifted<7>     |   11.146|
frac<25>       |shifted<8>     |   12.079|
frac<25>       |shifted<9>     |   10.567|
frac<25>       |shifted<10>    |   10.716|
frac<25>       |shifted<11>    |   12.659|
frac<25>       |shifted<12>    |   11.372|
frac<25>       |shifted<13>    |   11.805|
frac<25>       |shifted<14>    |   12.146|
frac<25>       |shifted<15>    |   10.605|
frac<25>       |shifted<16>    |   11.047|
frac<25>       |shifted<17>    |   10.777|
frac<25>       |shifted<18>    |   10.874|
frac<25>       |shifted<19>    |   11.123|
frac<25>       |shifted<20>    |   11.263|
frac<25>       |shifted<21>    |   11.277|
frac<25>       |shifted<22>    |   11.571|
frac<25>       |shifted<23>    |   11.511|
frac<25>       |shifted<24>    |   11.364|
frac<25>       |shifted<25>    |   10.977|
frac<25>       |shifted<26>    |   10.518|
---------------+---------------+---------+


Analysis completed Sat Nov 26 01:40:32 2022 
--------------------------------------------------------------------------------

Trace Settings:
-------------------------
Trace Settings 

Peak Memory Usage: 219 MB



