--------------------------------------------------------------------------------
Release 14.7 Trace  (nt64)
Copyright (c) 1995-2013 Xilinx, Inc.  All rights reserved.

C:\Xilinx\14.7\ISE_DS\ISE\bin\nt64\unwrapped\trce.exe -intstyle ise -v 3 -s 3
-n 3 -fastpaths -xml adder.twx adder.ncd -o adder.twr adder.pcf

Design file:              adder.ncd
Physical constraint file: adder.pcf
Device,package,speed:     xc6slx16,csg324,C,-3 (PRODUCTION 1.23 2013-10-13)
Report level:             verbose report

Environment Variable      Effect 
--------------------      ------ 
NONE                      No environment variables were set
--------------------------------------------------------------------------------

INFO:Timing:2698 - No timing constraints found, doing default enumeration.
INFO:Timing:3412 - To improve timing, see the Timing Closure User Guide (UG612).
INFO:Timing:2752 - To get complete path coverage, use the unconstrained paths 
   option. All paths that are not constrained will be reported in the 
   unconstrained paths section(s) of the report.
INFO:Timing:3339 - The clock-to-out numbers in this timing report are based on 
   a 50 Ohm transmission line loading model.  For the details of this model, 
   and for more information on accounting for different loading conditions, 
   please see the device datasheet.



Data Sheet report:
-----------------
All values displayed in nanoseconds (ns)

Pad to Pad
---------------+---------------+---------+
Source Pad     |Destination Pad|  Delay  |
---------------+---------------+---------+
arg1<0>        |res<0>         |   11.136|
arg1<0>        |res<1>         |   11.211|
arg1<0>        |res<2>         |   11.212|
arg1<0>        |res<3>         |   11.081|
arg1<0>        |res<4>         |   11.256|
arg1<0>        |res<5>         |   11.309|
arg1<0>        |res<6>         |   11.229|
arg1<0>        |res<7>         |   11.064|
arg1<0>        |res<8>         |   11.042|
arg1<0>        |res<9>         |   11.109|
arg1<0>        |res<10>        |   10.984|
arg1<0>        |res<11>        |   11.006|
arg1<0>        |res<12>        |   10.937|
arg1<0>        |res<13>        |   11.014|
arg1<0>        |res<14>        |   10.879|
arg1<0>        |res<15>        |   11.061|
arg1<0>        |res<16>        |   10.953|
arg1<0>        |res<17>        |   11.027|
arg1<0>        |res<18>        |   11.063|
arg1<0>        |res<19>        |   10.731|
arg1<0>        |res<20>        |   10.936|
arg1<0>        |res<21>        |   10.865|
arg1<0>        |res<22>        |   10.768|
arg1<0>        |res<23>        |   10.678|
arg1<0>        |res<24>        |   10.678|
arg1<0>        |res<25>        |   10.899|
arg1<0>        |res<26>        |   10.872|
arg1<0>        |res<27>        |   10.778|
arg1<0>        |res<28>        |   10.782|
arg1<1>        |res<1>         |   11.510|
arg1<1>        |res<2>         |   11.563|
arg1<1>        |res<3>         |   11.448|
arg1<1>        |res<4>         |   11.619|
arg1<1>        |res<5>         |   11.672|
arg1<1>        |res<6>         |   11.592|
arg1<1>        |res<7>         |   11.427|
arg1<1>        |res<8>         |   11.405|
arg1<1>        |res<9>         |   11.472|
arg1<1>        |res<10>        |   11.347|
arg1<1>        |res<11>        |   11.369|
arg1<1>        |res<12>        |   11.300|
arg1<1>        |res<13>        |   11.377|
arg1<1>        |res<14>        |   11.242|
arg1<1>        |res<15>        |   11.424|
arg1<1>        |res<16>        |   11.316|
arg1<1>        |res<17>        |   11.390|
arg1<1>        |res<18>        |   11.426|
arg1<1>        |res<19>        |   11.094|
arg1<1>        |res<20>        |   11.299|
arg1<1>        |res<21>        |   11.228|
arg1<1>        |res<22>        |   11.131|
arg1<1>        |res<23>        |   11.041|
arg1<1>        |res<24>        |   11.041|
arg1<1>        |res<25>        |   11.262|
arg1<1>        |res<26>        |   11.235|
arg1<1>        |res<27>        |   11.141|
arg1<1>        |res<28>        |   11.145|
arg1<2>        |res<2>         |   10.870|
arg1<2>        |res<3>         |   10.732|
arg1<2>        |res<4>         |   10.936|
arg1<2>        |res<5>         |   10.989|
arg1<2>        |res<6>         |   10.909|
arg1<2>        |res<7>         |   10.744|
arg1<2>        |res<8>         |   10.722|
arg1<2>        |res<9>         |   10.789|
arg1<2>        |res<10>        |   10.664|
arg1<2>        |res<11>        |   10.686|
arg1<2>        |res<12>        |   10.617|
arg1<2>        |res<13>        |   10.694|
arg1<2>        |res<14>        |   10.559|
arg1<2>        |res<15>        |   10.741|
arg1<2>        |res<16>        |   10.633|
arg1<2>        |res<17>        |   10.707|
arg1<2>        |res<18>        |   10.743|
arg1<2>        |res<19>        |   10.411|
arg1<2>        |res<20>        |   10.616|
arg1<2>        |res<21>        |   10.545|
arg1<2>        |res<22>        |   10.448|
arg1<2>        |res<23>        |   10.358|
arg1<2>        |res<24>        |   10.358|
arg1<2>        |res<25>        |   10.579|
arg1<2>        |res<26>        |   10.552|
arg1<2>        |res<27>        |   10.458|
arg1<2>        |res<28>        |   10.462|
arg1<3>        |res<3>         |   10.529|
arg1<3>        |res<4>         |   10.759|
arg1<3>        |res<5>         |   10.812|
arg1<3>        |res<6>         |   10.732|
arg1<3>        |res<7>         |   10.567|
arg1<3>        |res<8>         |   10.545|
arg1<3>        |res<9>         |   10.612|
arg1<3>        |res<10>        |   10.487|
arg1<3>        |res<11>        |   10.509|
arg1<3>        |res<12>        |   10.440|
arg1<3>        |res<13>        |   10.517|
arg1<3>        |res<14>        |   10.382|
arg1<3>        |res<15>        |   10.564|
arg1<3>        |res<16>        |   10.456|
arg1<3>        |res<17>        |   10.530|
arg1<3>        |res<18>        |   10.566|
arg1<3>        |res<19>        |   10.234|
arg1<3>        |res<20>        |   10.439|
arg1<3>        |res<21>        |   10.368|
arg1<3>        |res<22>        |   10.271|
arg1<3>        |res<23>        |   10.181|
arg1<3>        |res<24>        |   10.181|
arg1<3>        |res<25>        |   10.402|
arg1<3>        |res<26>        |   10.375|
arg1<3>        |res<27>        |   10.281|
arg1<3>        |res<28>        |   10.285|
arg1<4>        |res<4>         |   11.472|
arg1<4>        |res<5>         |   11.504|
arg1<4>        |res<6>         |   11.553|
arg1<4>        |res<7>         |   11.376|
arg1<4>        |res<8>         |   11.393|
arg1<4>        |res<9>         |   11.460|
arg1<4>        |res<10>        |   11.335|
arg1<4>        |res<11>        |   11.357|
arg1<4>        |res<12>        |   11.288|
arg1<4>        |res<13>        |   11.365|
arg1<4>        |res<14>        |   11.230|
arg1<4>        |res<15>        |   11.412|
arg1<4>        |res<16>        |   11.304|
arg1<4>        |res<17>        |   11.378|
arg1<4>        |res<18>        |   11.414|
arg1<4>        |res<19>        |   11.082|
arg1<4>        |res<20>        |   11.287|
arg1<4>        |res<21>        |   11.216|
arg1<4>        |res<22>        |   11.119|
arg1<4>        |res<23>        |   11.029|
arg1<4>        |res<24>        |   11.029|
arg1<4>        |res<25>        |   11.250|
arg1<4>        |res<26>        |   11.223|
arg1<4>        |res<27>        |   11.129|
arg1<4>        |res<28>        |   11.133|
arg1<5>        |res<5>         |   10.876|
arg1<5>        |res<6>         |   10.977|
arg1<5>        |res<7>         |   10.816|
arg1<5>        |res<8>         |   10.829|
arg1<5>        |res<9>         |   10.896|
arg1<5>        |res<10>        |   10.771|
arg1<5>        |res<11>        |   10.793|
arg1<5>        |res<12>        |   10.724|
arg1<5>        |res<13>        |   10.801|
arg1<5>        |res<14>        |   10.666|
arg1<5>        |res<15>        |   10.848|
arg1<5>        |res<16>        |   10.740|
arg1<5>        |res<17>        |   10.814|
arg1<5>        |res<18>        |   10.850|
arg1<5>        |res<19>        |   10.518|
arg1<5>        |res<20>        |   10.723|
arg1<5>        |res<21>        |   10.652|
arg1<5>        |res<22>        |   10.555|
arg1<5>        |res<23>        |   10.465|
arg1<5>        |res<24>        |   10.465|
arg1<5>        |res<25>        |   10.686|
arg1<5>        |res<26>        |   10.659|
arg1<5>        |res<27>        |   10.565|
arg1<5>        |res<28>        |   10.569|
arg1<6>        |res<6>         |   10.752|
arg1<6>        |res<7>         |   10.568|
arg1<6>        |res<8>         |   10.614|
arg1<6>        |res<9>         |   10.681|
arg1<6>        |res<10>        |   10.556|
arg1<6>        |res<11>        |   10.578|
arg1<6>        |res<12>        |   10.509|
arg1<6>        |res<13>        |   10.586|
arg1<6>        |res<14>        |   10.451|
arg1<6>        |res<15>        |   10.633|
arg1<6>        |res<16>        |   10.525|
arg1<6>        |res<17>        |   10.599|
arg1<6>        |res<18>        |   10.635|
arg1<6>        |res<19>        |   10.303|
arg1<6>        |res<20>        |   10.508|
arg1<6>        |res<21>        |   10.437|
arg1<6>        |res<22>        |   10.340|
arg1<6>        |res<23>        |   10.250|
arg1<6>        |res<24>        |   10.250|
arg1<6>        |res<25>        |   10.471|
arg1<6>        |res<26>        |   10.444|
arg1<6>        |res<27>        |   10.350|
arg1<6>        |res<28>        |   10.354|
arg1<7>        |res<7>         |   10.878|
arg1<7>        |res<8>         |   10.950|
arg1<7>        |res<9>         |   11.017|
arg1<7>        |res<10>        |   10.892|
arg1<7>        |res<11>        |   10.914|
arg1<7>        |res<12>        |   10.845|
arg1<7>        |res<13>        |   10.922|
arg1<7>        |res<14>        |   10.787|
arg1<7>        |res<15>        |   10.969|
arg1<7>        |res<16>        |   10.861|
arg1<7>        |res<17>        |   10.935|
arg1<7>        |res<18>        |   10.971|
arg1<7>        |res<19>        |   10.639|
arg1<7>        |res<20>        |   10.844|
arg1<7>        |res<21>        |   10.773|
arg1<7>        |res<22>        |   10.676|
arg1<7>        |res<23>        |   10.586|
arg1<7>        |res<24>        |   10.586|
arg1<7>        |res<25>        |   10.807|
arg1<7>        |res<26>        |   10.780|
arg1<7>        |res<27>        |   10.686|
arg1<7>        |res<28>        |   10.690|
arg1<8>        |res<8>         |   10.393|
arg1<8>        |res<9>         |   10.439|
arg1<8>        |res<10>        |   10.443|
arg1<8>        |res<11>        |   10.453|
arg1<8>        |res<12>        |   10.423|
arg1<8>        |res<13>        |   10.500|
arg1<8>        |res<14>        |   10.365|
arg1<8>        |res<15>        |   10.547|
arg1<8>        |res<16>        |   10.439|
arg1<8>        |res<17>        |   10.513|
arg1<8>        |res<18>        |   10.549|
arg1<8>        |res<19>        |   10.217|
arg1<8>        |res<20>        |   10.422|
arg1<8>        |res<21>        |   10.351|
arg1<8>        |res<22>        |   10.254|
arg1<8>        |res<23>        |   10.164|
arg1<8>        |res<24>        |   10.164|
arg1<8>        |res<25>        |   10.385|
arg1<8>        |res<26>        |   10.358|
arg1<8>        |res<27>        |   10.264|
arg1<8>        |res<28>        |   10.268|
arg1<9>        |res<9>         |   10.676|
arg1<9>        |res<10>        |   10.732|
arg1<9>        |res<11>        |   10.758|
arg1<9>        |res<12>        |   10.724|
arg1<9>        |res<13>        |   10.801|
arg1<9>        |res<14>        |   10.666|
arg1<9>        |res<15>        |   10.848|
arg1<9>        |res<16>        |   10.740|
arg1<9>        |res<17>        |   10.814|
arg1<9>        |res<18>        |   10.850|
arg1<9>        |res<19>        |   10.518|
arg1<9>        |res<20>        |   10.723|
arg1<9>        |res<21>        |   10.652|
arg1<9>        |res<22>        |   10.555|
arg1<9>        |res<23>        |   10.465|
arg1<9>        |res<24>        |   10.465|
arg1<9>        |res<25>        |   10.686|
arg1<9>        |res<26>        |   10.659|
arg1<9>        |res<27>        |   10.565|
arg1<9>        |res<28>        |   10.569|
arg1<10>       |res<10>        |   10.596|
arg1<10>       |res<11>        |   10.699|
arg1<10>       |res<12>        |   10.661|
arg1<10>       |res<13>        |   10.738|
arg1<10>       |res<14>        |   10.603|
arg1<10>       |res<15>        |   10.785|
arg1<10>       |res<16>        |   10.677|
arg1<10>       |res<17>        |   10.751|
arg1<10>       |res<18>        |   10.787|
arg1<10>       |res<19>        |   10.455|
arg1<10>       |res<20>        |   10.660|
arg1<10>       |res<21>        |   10.589|
arg1<10>       |res<22>        |   10.492|
arg1<10>       |res<23>        |   10.402|
arg1<10>       |res<24>        |   10.402|
arg1<10>       |res<25>        |   10.623|
arg1<10>       |res<26>        |   10.596|
arg1<10>       |res<27>        |   10.502|
arg1<10>       |res<28>        |   10.506|
arg1<11>       |res<11>        |   10.652|
arg1<11>       |res<12>        |   10.677|
arg1<11>       |res<13>        |   10.754|
arg1<11>       |res<14>        |   10.619|
arg1<11>       |res<15>        |   10.801|
arg1<11>       |res<16>        |   10.693|
arg1<11>       |res<17>        |   10.767|
arg1<11>       |res<18>        |   10.803|
arg1<11>       |res<19>        |   10.471|
arg1<11>       |res<20>        |   10.676|
arg1<11>       |res<21>        |   10.605|
arg1<11>       |res<22>        |   10.508|
arg1<11>       |res<23>        |   10.418|
arg1<11>       |res<24>        |   10.418|
arg1<11>       |res<25>        |   10.639|
arg1<11>       |res<26>        |   10.612|
arg1<11>       |res<27>        |   10.518|
arg1<11>       |res<28>        |   10.522|
arg1<12>       |res<12>        |   10.177|
arg1<12>       |res<13>        |   10.233|
arg1<12>       |res<14>        |   10.227|
arg1<12>       |res<15>        |   10.397|
arg1<12>       |res<16>        |   10.328|
arg1<12>       |res<17>        |   10.402|
arg1<12>       |res<18>        |   10.438|
arg1<12>       |res<19>        |   10.106|
arg1<12>       |res<20>        |   10.311|
arg1<12>       |res<21>        |   10.240|
arg1<12>       |res<22>        |   10.143|
arg1<12>       |res<23>        |   10.053|
arg1<12>       |res<24>        |   10.053|
arg1<12>       |res<25>        |   10.274|
arg1<12>       |res<26>        |   10.247|
arg1<12>       |res<27>        |   10.153|
arg1<12>       |res<28>        |   10.157|
arg1<13>       |res<13>        |   10.224|
arg1<13>       |res<14>        |   10.270|
arg1<13>       |res<15>        |   10.456|
arg1<13>       |res<16>        |   10.383|
arg1<13>       |res<17>        |   10.457|
arg1<13>       |res<18>        |   10.493|
arg1<13>       |res<19>        |   10.161|
arg1<13>       |res<20>        |   10.366|
arg1<13>       |res<21>        |   10.295|
arg1<13>       |res<22>        |   10.198|
arg1<13>       |res<23>        |   10.108|
arg1<13>       |res<24>        |   10.108|
arg1<13>       |res<25>        |   10.329|
arg1<13>       |res<26>        |   10.302|
arg1<13>       |res<27>        |   10.208|
arg1<13>       |res<28>        |   10.212|
arg1<14>       |res<14>        |   10.278|
arg1<14>       |res<15>        |   10.441|
arg1<14>       |res<16>        |   10.401|
arg1<14>       |res<17>        |   10.475|
arg1<14>       |res<18>        |   10.511|
arg1<14>       |res<19>        |   10.179|
arg1<14>       |res<20>        |   10.384|
arg1<14>       |res<21>        |   10.313|
arg1<14>       |res<22>        |   10.216|
arg1<14>       |res<23>        |   10.126|
arg1<14>       |res<24>        |   10.126|
arg1<14>       |res<25>        |   10.347|
arg1<14>       |res<26>        |   10.320|
arg1<14>       |res<27>        |   10.226|
arg1<14>       |res<28>        |   10.230|
arg1<15>       |res<15>        |   10.681|
arg1<15>       |res<16>        |   10.667|
arg1<15>       |res<17>        |   10.741|
arg1<15>       |res<18>        |   10.777|
arg1<15>       |res<19>        |   10.445|
arg1<15>       |res<20>        |   10.650|
arg1<15>       |res<21>        |   10.579|
arg1<15>       |res<22>        |   10.482|
arg1<15>       |res<23>        |   10.392|
arg1<15>       |res<24>        |   10.392|
arg1<15>       |res<25>        |   10.613|
arg1<15>       |res<26>        |   10.586|
arg1<15>       |res<27>        |   10.492|
arg1<15>       |res<28>        |   10.496|
arg1<16>       |res<16>        |   10.335|
arg1<16>       |res<17>        |   10.388|
arg1<16>       |res<18>        |   10.553|
arg1<16>       |res<19>        |   10.209|
arg1<16>       |res<20>        |   10.453|
arg1<16>       |res<21>        |   10.382|
arg1<16>       |res<22>        |   10.285|
arg1<16>       |res<23>        |   10.195|
arg1<16>       |res<24>        |   10.195|
arg1<16>       |res<25>        |   10.416|
arg1<16>       |res<26>        |   10.389|
arg1<16>       |res<27>        |   10.295|
arg1<16>       |res<28>        |   10.299|
arg1<17>       |res<17>        |   10.400|
arg1<17>       |res<18>        |   10.617|
arg1<17>       |res<19>        |   10.289|
arg1<17>       |res<20>        |   10.529|
arg1<17>       |res<21>        |   10.458|
arg1<17>       |res<22>        |   10.361|
arg1<17>       |res<23>        |   10.271|
arg1<17>       |res<24>        |   10.271|
arg1<17>       |res<25>        |   10.492|
arg1<17>       |res<26>        |   10.465|
arg1<17>       |res<27>        |   10.371|
arg1<17>       |res<28>        |   10.375|
arg1<18>       |res<18>        |   10.299|
arg1<18>       |res<19>        |    9.948|
arg1<18>       |res<20>        |   10.221|
arg1<18>       |res<21>        |   10.150|
arg1<18>       |res<22>        |   10.053|
arg1<18>       |res<23>        |    9.963|
arg1<18>       |res<24>        |    9.963|
arg1<18>       |res<25>        |   10.184|
arg1<18>       |res<26>        |   10.157|
arg1<18>       |res<27>        |   10.063|
arg1<18>       |res<28>        |   10.067|
arg1<19>       |res<19>        |   10.732|
arg1<19>       |res<20>        |   11.031|
arg1<19>       |res<21>        |   10.960|
arg1<19>       |res<22>        |   10.863|
arg1<19>       |res<23>        |   10.773|
arg1<19>       |res<24>        |   10.773|
arg1<19>       |res<25>        |   10.994|
arg1<19>       |res<26>        |   10.967|
arg1<19>       |res<27>        |   10.873|
arg1<19>       |res<28>        |   10.877|
arg1<20>       |res<20>        |   10.293|
arg1<20>       |res<21>        |   10.201|
arg1<20>       |res<22>        |   10.233|
arg1<20>       |res<23>        |   10.131|
arg1<20>       |res<24>        |   10.170|
arg1<20>       |res<25>        |   10.391|
arg1<20>       |res<26>        |   10.364|
arg1<20>       |res<27>        |   10.270|
arg1<20>       |res<28>        |   10.274|
arg1<21>       |res<21>        |   10.153|
arg1<21>       |res<22>        |   10.237|
arg1<21>       |res<23>        |   10.151|
arg1<21>       |res<24>        |   10.186|
arg1<21>       |res<25>        |   10.407|
arg1<21>       |res<26>        |   10.380|
arg1<21>       |res<27>        |   10.286|
arg1<21>       |res<28>        |   10.290|
arg1<22>       |res<22>        |   10.059|
arg1<22>       |res<23>        |    9.950|
arg1<22>       |res<24>        |   10.018|
arg1<22>       |res<25>        |   10.239|
arg1<22>       |res<26>        |   10.212|
arg1<22>       |res<27>        |   10.118|
arg1<22>       |res<28>        |   10.122|
arg1<23>       |res<23>        |   10.799|
arg1<23>       |res<24>        |   10.893|
arg1<23>       |res<25>        |   11.114|
arg1<23>       |res<26>        |   11.087|
arg1<23>       |res<27>        |   10.993|
arg1<23>       |res<28>        |   10.997|
arg1<24>       |res<24>        |   10.048|
arg1<24>       |res<25>        |   10.248|
arg1<24>       |res<26>        |   10.350|
arg1<24>       |res<27>        |   10.244|
arg1<24>       |res<28>        |   10.287|
arg1<25>       |res<25>        |   10.339|
arg1<25>       |res<26>        |   10.493|
arg1<25>       |res<27>        |   10.403|
arg1<25>       |res<28>        |   10.442|
arg1<26>       |res<26>        |   10.235|
arg1<26>       |res<27>        |   10.122|
arg1<26>       |res<28>        |   10.194|
arg1<27>       |res<27>        |   10.446|
arg1<27>       |res<28>        |   10.843|
arg2<0>        |res<0>         |   11.754|
arg2<0>        |res<1>         |   11.829|
arg2<0>        |res<2>         |   11.830|
arg2<0>        |res<3>         |   11.699|
arg2<0>        |res<4>         |   11.874|
arg2<0>        |res<5>         |   11.927|
arg2<0>        |res<6>         |   11.847|
arg2<0>        |res<7>         |   11.682|
arg2<0>        |res<8>         |   11.660|
arg2<0>        |res<9>         |   11.727|
arg2<0>        |res<10>        |   11.602|
arg2<0>        |res<11>        |   11.624|
arg2<0>        |res<12>        |   11.555|
arg2<0>        |res<13>        |   11.632|
arg2<0>        |res<14>        |   11.497|
arg2<0>        |res<15>        |   11.679|
arg2<0>        |res<16>        |   11.571|
arg2<0>        |res<17>        |   11.645|
arg2<0>        |res<18>        |   11.681|
arg2<0>        |res<19>        |   11.349|
arg2<0>        |res<20>        |   11.554|
arg2<0>        |res<21>        |   11.483|
arg2<0>        |res<22>        |   11.386|
arg2<0>        |res<23>        |   11.296|
arg2<0>        |res<24>        |   11.296|
arg2<0>        |res<25>        |   11.517|
arg2<0>        |res<26>        |   11.490|
arg2<0>        |res<27>        |   11.396|
arg2<0>        |res<28>        |   11.400|
arg2<1>        |res<1>         |   11.560|
arg2<1>        |res<2>         |   11.613|
arg2<1>        |res<3>         |   11.498|
arg2<1>        |res<4>         |   11.669|
arg2<1>        |res<5>         |   11.722|
arg2<1>        |res<6>         |   11.642|
arg2<1>        |res<7>         |   11.477|
arg2<1>        |res<8>         |   11.455|
arg2<1>        |res<9>         |   11.522|
arg2<1>        |res<10>        |   11.397|
arg2<1>        |res<11>        |   11.419|
arg2<1>        |res<12>        |   11.350|
arg2<1>        |res<13>        |   11.427|
arg2<1>        |res<14>        |   11.292|
arg2<1>        |res<15>        |   11.474|
arg2<1>        |res<16>        |   11.366|
arg2<1>        |res<17>        |   11.440|
arg2<1>        |res<18>        |   11.476|
arg2<1>        |res<19>        |   11.144|
arg2<1>        |res<20>        |   11.349|
arg2<1>        |res<21>        |   11.278|
arg2<1>        |res<22>        |   11.181|
arg2<1>        |res<23>        |   11.091|
arg2<1>        |res<24>        |   11.091|
arg2<1>        |res<25>        |   11.312|
arg2<1>        |res<26>        |   11.285|
arg2<1>        |res<27>        |   11.191|
arg2<1>        |res<28>        |   11.195|
arg2<2>        |res<2>         |   11.664|
arg2<2>        |res<3>         |   11.526|
arg2<2>        |res<4>         |   11.730|
arg2<2>        |res<5>         |   11.783|
arg2<2>        |res<6>         |   11.703|
arg2<2>        |res<7>         |   11.538|
arg2<2>        |res<8>         |   11.516|
arg2<2>        |res<9>         |   11.583|
arg2<2>        |res<10>        |   11.458|
arg2<2>        |res<11>        |   11.480|
arg2<2>        |res<12>        |   11.411|
arg2<2>        |res<13>        |   11.488|
arg2<2>        |res<14>        |   11.353|
arg2<2>        |res<15>        |   11.535|
arg2<2>        |res<16>        |   11.427|
arg2<2>        |res<17>        |   11.501|
arg2<2>        |res<18>        |   11.537|
arg2<2>        |res<19>        |   11.205|
arg2<2>        |res<20>        |   11.410|
arg2<2>        |res<21>        |   11.339|
arg2<2>        |res<22>        |   11.242|
arg2<2>        |res<23>        |   11.152|
arg2<2>        |res<24>        |   11.152|
arg2<2>        |res<25>        |   11.373|
arg2<2>        |res<26>        |   11.346|
arg2<2>        |res<27>        |   11.252|
arg2<2>        |res<28>        |   11.256|
arg2<3>        |res<3>         |   11.471|
arg2<3>        |res<4>         |   11.701|
arg2<3>        |res<5>         |   11.754|
arg2<3>        |res<6>         |   11.674|
arg2<3>        |res<7>         |   11.509|
arg2<3>        |res<8>         |   11.487|
arg2<3>        |res<9>         |   11.554|
arg2<3>        |res<10>        |   11.429|
arg2<3>        |res<11>        |   11.451|
arg2<3>        |res<12>        |   11.382|
arg2<3>        |res<13>        |   11.459|
arg2<3>        |res<14>        |   11.324|
arg2<3>        |res<15>        |   11.506|
arg2<3>        |res<16>        |   11.398|
arg2<3>        |res<17>        |   11.472|
arg2<3>        |res<18>        |   11.508|
arg2<3>        |res<19>        |   11.176|
arg2<3>        |res<20>        |   11.381|
arg2<3>        |res<21>        |   11.310|
arg2<3>        |res<22>        |   11.213|
arg2<3>        |res<23>        |   11.123|
arg2<3>        |res<24>        |   11.123|
arg2<3>        |res<25>        |   11.344|
arg2<3>        |res<26>        |   11.317|
arg2<3>        |res<27>        |   11.223|
arg2<3>        |res<28>        |   11.227|
arg2<4>        |res<4>         |   11.457|
arg2<4>        |res<5>         |   11.489|
arg2<4>        |res<6>         |   11.538|
arg2<4>        |res<7>         |   11.361|
arg2<4>        |res<8>         |   11.378|
arg2<4>        |res<9>         |   11.445|
arg2<4>        |res<10>        |   11.320|
arg2<4>        |res<11>        |   11.342|
arg2<4>        |res<12>        |   11.273|
arg2<4>        |res<13>        |   11.350|
arg2<4>        |res<14>        |   11.215|
arg2<4>        |res<15>        |   11.397|
arg2<4>        |res<16>        |   11.289|
arg2<4>        |res<17>        |   11.363|
arg2<4>        |res<18>        |   11.399|
arg2<4>        |res<19>        |   11.067|
arg2<4>        |res<20>        |   11.272|
arg2<4>        |res<21>        |   11.201|
arg2<4>        |res<22>        |   11.104|
arg2<4>        |res<23>        |   11.014|
arg2<4>        |res<24>        |   11.014|
arg2<4>        |res<25>        |   11.235|
arg2<4>        |res<26>        |   11.208|
arg2<4>        |res<27>        |   11.114|
arg2<4>        |res<28>        |   11.118|
arg2<5>        |res<5>         |   11.319|
arg2<5>        |res<6>         |   11.420|
arg2<5>        |res<7>         |   11.259|
arg2<5>        |res<8>         |   11.272|
arg2<5>        |res<9>         |   11.339|
arg2<5>        |res<10>        |   11.214|
arg2<5>        |res<11>        |   11.236|
arg2<5>        |res<12>        |   11.167|
arg2<5>        |res<13>        |   11.244|
arg2<5>        |res<14>        |   11.109|
arg2<5>        |res<15>        |   11.291|
arg2<5>        |res<16>        |   11.183|
arg2<5>        |res<17>        |   11.257|
arg2<5>        |res<18>        |   11.293|
arg2<5>        |res<19>        |   10.961|
arg2<5>        |res<20>        |   11.166|
arg2<5>        |res<21>        |   11.095|
arg2<5>        |res<22>        |   10.998|
arg2<5>        |res<23>        |   10.908|
arg2<5>        |res<24>        |   10.908|
arg2<5>        |res<25>        |   11.129|
arg2<5>        |res<26>        |   11.102|
arg2<5>        |res<27>        |   11.008|
arg2<5>        |res<28>        |   11.012|
arg2<6>        |res<6>         |   11.413|
arg2<6>        |res<7>         |   11.229|
arg2<6>        |res<8>         |   11.275|
arg2<6>        |res<9>         |   11.342|
arg2<6>        |res<10>        |   11.217|
arg2<6>        |res<11>        |   11.239|
arg2<6>        |res<12>        |   11.170|
arg2<6>        |res<13>        |   11.247|
arg2<6>        |res<14>        |   11.112|
arg2<6>        |res<15>        |   11.294|
arg2<6>        |res<16>        |   11.186|
arg2<6>        |res<17>        |   11.260|
arg2<6>        |res<18>        |   11.296|
arg2<6>        |res<19>        |   10.964|
arg2<6>        |res<20>        |   11.169|
arg2<6>        |res<21>        |   11.098|
arg2<6>        |res<22>        |   11.001|
arg2<6>        |res<23>        |   10.911|
arg2<6>        |res<24>        |   10.911|
arg2<6>        |res<25>        |   11.132|
arg2<6>        |res<26>        |   11.105|
arg2<6>        |res<27>        |   11.011|
arg2<6>        |res<28>        |   11.015|
arg2<7>        |res<7>         |   11.012|
arg2<7>        |res<8>         |   11.084|
arg2<7>        |res<9>         |   11.151|
arg2<7>        |res<10>        |   11.026|
arg2<7>        |res<11>        |   11.048|
arg2<7>        |res<12>        |   10.979|
arg2<7>        |res<13>        |   11.056|
arg2<7>        |res<14>        |   10.921|
arg2<7>        |res<15>        |   11.103|
arg2<7>        |res<16>        |   10.995|
arg2<7>        |res<17>        |   11.069|
arg2<7>        |res<18>        |   11.105|
arg2<7>        |res<19>        |   10.773|
arg2<7>        |res<20>        |   10.978|
arg2<7>        |res<21>        |   10.907|
arg2<7>        |res<22>        |   10.810|
arg2<7>        |res<23>        |   10.720|
arg2<7>        |res<24>        |   10.720|
arg2<7>        |res<25>        |   10.941|
arg2<7>        |res<26>        |   10.914|
arg2<7>        |res<27>        |   10.820|
arg2<7>        |res<28>        |   10.824|
arg2<8>        |res<8>         |   11.155|
arg2<8>        |res<9>         |   11.201|
arg2<8>        |res<10>        |   11.205|
arg2<8>        |res<11>        |   11.215|
arg2<8>        |res<12>        |   11.185|
arg2<8>        |res<13>        |   11.262|
arg2<8>        |res<14>        |   11.127|
arg2<8>        |res<15>        |   11.309|
arg2<8>        |res<16>        |   11.201|
arg2<8>        |res<17>        |   11.275|
arg2<8>        |res<18>        |   11.311|
arg2<8>        |res<19>        |   10.979|
arg2<8>        |res<20>        |   11.184|
arg2<8>        |res<21>        |   11.113|
arg2<8>        |res<22>        |   11.016|
arg2<8>        |res<23>        |   10.926|
arg2<8>        |res<24>        |   10.926|
arg2<8>        |res<25>        |   11.147|
arg2<8>        |res<26>        |   11.120|
arg2<8>        |res<27>        |   11.026|
arg2<8>        |res<28>        |   11.030|
arg2<9>        |res<9>         |   11.027|
arg2<9>        |res<10>        |   11.083|
arg2<9>        |res<11>        |   11.109|
arg2<9>        |res<12>        |   11.075|
arg2<9>        |res<13>        |   11.152|
arg2<9>        |res<14>        |   11.017|
arg2<9>        |res<15>        |   11.199|
arg2<9>        |res<16>        |   11.091|
arg2<9>        |res<17>        |   11.165|
arg2<9>        |res<18>        |   11.201|
arg2<9>        |res<19>        |   10.869|
arg2<9>        |res<20>        |   11.074|
arg2<9>        |res<21>        |   11.003|
arg2<9>        |res<22>        |   10.906|
arg2<9>        |res<23>        |   10.816|
arg2<9>        |res<24>        |   10.816|
arg2<9>        |res<25>        |   11.037|
arg2<9>        |res<26>        |   11.010|
arg2<9>        |res<27>        |   10.916|
arg2<9>        |res<28>        |   10.920|
arg2<10>       |res<10>        |   10.474|
arg2<10>       |res<11>        |   10.477|
arg2<10>       |res<12>        |   10.476|
arg2<10>       |res<13>        |   10.553|
arg2<10>       |res<14>        |   10.418|
arg2<10>       |res<15>        |   10.600|
arg2<10>       |res<16>        |   10.492|
arg2<10>       |res<17>        |   10.566|
arg2<10>       |res<18>        |   10.602|
arg2<10>       |res<19>        |   10.270|
arg2<10>       |res<20>        |   10.475|
arg2<10>       |res<21>        |   10.404|
arg2<10>       |res<22>        |   10.307|
arg2<10>       |res<23>        |   10.217|
arg2<10>       |res<24>        |   10.217|
arg2<10>       |res<25>        |   10.438|
arg2<10>       |res<26>        |   10.411|
arg2<10>       |res<27>        |   10.317|
arg2<10>       |res<28>        |   10.321|
arg2<11>       |res<11>        |   10.960|
arg2<11>       |res<12>        |   10.985|
arg2<11>       |res<13>        |   11.062|
arg2<11>       |res<14>        |   10.927|
arg2<11>       |res<15>        |   11.109|
arg2<11>       |res<16>        |   11.001|
arg2<11>       |res<17>        |   11.075|
arg2<11>       |res<18>        |   11.111|
arg2<11>       |res<19>        |   10.779|
arg2<11>       |res<20>        |   10.984|
arg2<11>       |res<21>        |   10.913|
arg2<11>       |res<22>        |   10.816|
arg2<11>       |res<23>        |   10.726|
arg2<11>       |res<24>        |   10.726|
arg2<11>       |res<25>        |   10.947|
arg2<11>       |res<26>        |   10.920|
arg2<11>       |res<27>        |   10.826|
arg2<11>       |res<28>        |   10.830|
arg2<12>       |res<12>        |   10.703|
arg2<12>       |res<13>        |   10.759|
arg2<12>       |res<14>        |   10.753|
arg2<12>       |res<15>        |   10.923|
arg2<12>       |res<16>        |   10.854|
arg2<12>       |res<17>        |   10.928|
arg2<12>       |res<18>        |   10.964|
arg2<12>       |res<19>        |   10.632|
arg2<12>       |res<20>        |   10.837|
arg2<12>       |res<21>        |   10.766|
arg2<12>       |res<22>        |   10.669|
arg2<12>       |res<23>        |   10.579|
arg2<12>       |res<24>        |   10.579|
arg2<12>       |res<25>        |   10.800|
arg2<12>       |res<26>        |   10.773|
arg2<12>       |res<27>        |   10.679|
arg2<12>       |res<28>        |   10.683|
arg2<13>       |res<13>        |   10.760|
arg2<13>       |res<14>        |   10.806|
arg2<13>       |res<15>        |   10.992|
arg2<13>       |res<16>        |   10.919|
arg2<13>       |res<17>        |   10.993|
arg2<13>       |res<18>        |   11.029|
arg2<13>       |res<19>        |   10.697|
arg2<13>       |res<20>        |   10.902|
arg2<13>       |res<21>        |   10.831|
arg2<13>       |res<22>        |   10.734|
arg2<13>       |res<23>        |   10.644|
arg2<13>       |res<24>        |   10.644|
arg2<13>       |res<25>        |   10.865|
arg2<13>       |res<26>        |   10.838|
arg2<13>       |res<27>        |   10.744|
arg2<13>       |res<28>        |   10.748|
arg2<14>       |res<14>        |   10.740|
arg2<14>       |res<15>        |   10.903|
arg2<14>       |res<16>        |   10.863|
arg2<14>       |res<17>        |   10.937|
arg2<14>       |res<18>        |   10.973|
arg2<14>       |res<19>        |   10.641|
arg2<14>       |res<20>        |   10.846|
arg2<14>       |res<21>        |   10.775|
arg2<14>       |res<22>        |   10.678|
arg2<14>       |res<23>        |   10.588|
arg2<14>       |res<24>        |   10.588|
arg2<14>       |res<25>        |   10.809|
arg2<14>       |res<26>        |   10.782|
arg2<14>       |res<27>        |   10.688|
arg2<14>       |res<28>        |   10.692|
arg2<15>       |res<15>        |   10.464|
arg2<15>       |res<16>        |   10.450|
arg2<15>       |res<17>        |   10.524|
arg2<15>       |res<18>        |   10.560|
arg2<15>       |res<19>        |   10.228|
arg2<15>       |res<20>        |   10.433|
arg2<15>       |res<21>        |   10.362|
arg2<15>       |res<22>        |   10.265|
arg2<15>       |res<23>        |   10.175|
arg2<15>       |res<24>        |   10.175|
arg2<15>       |res<25>        |   10.396|
arg2<15>       |res<26>        |   10.369|
arg2<15>       |res<27>        |   10.275|
arg2<15>       |res<28>        |   10.279|
arg2<16>       |res<16>        |   10.504|
arg2<16>       |res<17>        |   10.557|
arg2<16>       |res<18>        |   10.722|
arg2<16>       |res<19>        |   10.378|
arg2<16>       |res<20>        |   10.622|
arg2<16>       |res<21>        |   10.551|
arg2<16>       |res<22>        |   10.454|
arg2<16>       |res<23>        |   10.364|
arg2<16>       |res<24>        |   10.364|
arg2<16>       |res<25>        |   10.585|
arg2<16>       |res<26>        |   10.558|
arg2<16>       |res<27>        |   10.464|
arg2<16>       |res<28>        |   10.468|
arg2<17>       |res<17>        |   10.550|
arg2<17>       |res<18>        |   10.767|
arg2<17>       |res<19>        |   10.439|
arg2<17>       |res<20>        |   10.679|
arg2<17>       |res<21>        |   10.608|
arg2<17>       |res<22>        |   10.511|
arg2<17>       |res<23>        |   10.421|
arg2<17>       |res<24>        |   10.421|
arg2<17>       |res<25>        |   10.642|
arg2<17>       |res<26>        |   10.615|
arg2<17>       |res<27>        |   10.521|
arg2<17>       |res<28>        |   10.525|
arg2<18>       |res<18>        |   10.245|
arg2<18>       |res<19>        |    9.894|
arg2<18>       |res<20>        |   10.167|
arg2<18>       |res<21>        |   10.096|
arg2<18>       |res<22>        |    9.999|
arg2<18>       |res<23>        |    9.909|
arg2<18>       |res<24>        |    9.909|
arg2<18>       |res<25>        |   10.130|
arg2<18>       |res<26>        |   10.103|
arg2<18>       |res<27>        |   10.009|
arg2<18>       |res<28>        |   10.013|
arg2<19>       |res<19>        |    9.285|
arg2<19>       |res<20>        |    9.584|
arg2<19>       |res<21>        |    9.513|
arg2<19>       |res<22>        |    9.416|
arg2<19>       |res<23>        |    9.326|
arg2<19>       |res<24>        |    9.326|
arg2<19>       |res<25>        |    9.547|
arg2<19>       |res<26>        |    9.520|
arg2<19>       |res<27>        |    9.426|
arg2<19>       |res<28>        |    9.430|
arg2<20>       |res<20>        |    9.651|
arg2<20>       |res<21>        |    9.559|
arg2<20>       |res<22>        |    9.591|
arg2<20>       |res<23>        |    9.489|
arg2<20>       |res<24>        |    9.528|
arg2<20>       |res<25>        |    9.749|
arg2<20>       |res<26>        |    9.722|
arg2<20>       |res<27>        |    9.628|
arg2<20>       |res<28>        |    9.632|
arg2<21>       |res<21>        |    9.594|
arg2<21>       |res<22>        |    9.678|
arg2<21>       |res<23>        |    9.592|
arg2<21>       |res<24>        |    9.627|
arg2<21>       |res<25>        |    9.848|
arg2<21>       |res<26>        |    9.821|
arg2<21>       |res<27>        |    9.727|
arg2<21>       |res<28>        |    9.731|
arg2<22>       |res<22>        |    9.450|
arg2<22>       |res<23>        |    9.341|
arg2<22>       |res<24>        |    9.409|
arg2<22>       |res<25>        |    9.630|
arg2<22>       |res<26>        |    9.603|
arg2<22>       |res<27>        |    9.509|
arg2<22>       |res<28>        |    9.513|
arg2<23>       |res<23>        |    8.864|
arg2<23>       |res<24>        |    8.958|
arg2<23>       |res<25>        |    9.179|
arg2<23>       |res<26>        |    9.152|
arg2<23>       |res<27>        |    9.058|
arg2<23>       |res<28>        |    9.062|
arg2<24>       |res<24>        |    8.919|
arg2<24>       |res<25>        |    9.119|
arg2<24>       |res<26>        |    9.221|
arg2<24>       |res<27>        |    9.115|
arg2<24>       |res<28>        |    9.158|
arg2<25>       |res<25>        |    8.941|
arg2<25>       |res<26>        |    9.095|
arg2<25>       |res<27>        |    9.005|
arg2<25>       |res<28>        |    9.044|
arg2<26>       |res<26>        |    9.267|
arg2<26>       |res<27>        |    9.154|
arg2<26>       |res<28>        |    9.226|
arg2<27>       |res<27>        |    8.988|
arg2<27>       |res<28>        |    9.176|
---------------+---------------+---------+


Analysis completed Fri Nov 25 04:08:31 2022 
--------------------------------------------------------------------------------

Trace Settings:
-------------------------
Trace Settings 

Peak Memory Usage: 219 MB



