--------------------------------------------------------------------------------
Release 14.7 Trace  (nt64)
Copyright (c) 1995-2013 Xilinx, Inc.  All rights reserved.

C:\Xilinx\14.7\ISE_DS\ISE\bin\nt64\unwrapped\trce.exe -intstyle ise -v 3 -s 3
-n 3 -fastpaths -xml subnormal.twx subnormal.ncd -o subnormal.twr subnormal.pcf

Design file:              subnormal.ncd
Physical constraint file: subnormal.pcf
Device,package,speed:     xc6slx16,csg324,C,-3 (PRODUCTION 1.23 2013-10-13)
Report level:             verbose report

Environment Variable      Effect 
--------------------      ------ 
NONE                      No environment variables were set
--------------------------------------------------------------------------------

INFO:Timing:2698 - No timing constraints found, doing default enumeration.
INFO:Timing:3412 - To improve timing, see the Timing Closure User Guide (UG612).
INFO:Timing:2752 - To get complete path coverage, use the unconstrained paths 
   option. All paths that are not constrained will be reported in the 
   unconstrained paths section(s) of the report.
INFO:Timing:3339 - The clock-to-out numbers in this timing report are based on 
   a 50 Ohm transmission line loading model.  For the details of this model, 
   and for more information on accounting for different loading conditions, 
   please see the device datasheet.



Data Sheet report:
-----------------
All values displayed in nanoseconds (ns)

Pad to Pad
---------------+---------------+---------+
Source Pad     |Destination Pad|  Delay  |
---------------+---------------+---------+
exp_in<0>      |exp_out<0>     |    6.104|
exp_in<1>      |exp_out<0>     |    6.892|
exp_in<1>      |exp_out<1>     |    5.441|
exp_in<2>      |exp_out<0>     |    6.890|
exp_in<2>      |exp_out<2>     |    5.803|
exp_in<3>      |exp_out<0>     |    6.549|
exp_in<3>      |exp_out<3>     |    5.785|
exp_in<4>      |exp_out<0>     |    6.279|
exp_in<4>      |exp_out<4>     |    5.907|
exp_in<5>      |exp_out<0>     |    6.165|
exp_in<5>      |exp_out<5>     |    5.712|
exp_in<6>      |exp_out<0>     |    6.306|
exp_in<6>      |exp_out<6>     |    5.696|
exp_in<7>      |exp_out<0>     |    6.349|
exp_in<7>      |exp_out<7>     |    5.612|
---------------+---------------+---------+


Analysis completed Sat Nov 26 06:21:35 2022 
--------------------------------------------------------------------------------

Trace Settings:
-------------------------
Trace Settings 

Peak Memory Usage: 219 MB



