--------------------------------------------------------------------------------
Release 14.7 Trace  (nt64)
Copyright (c) 1995-2013 Xilinx, Inc.  All rights reserved.

F:\programs\14.7\ISE_DS\ISE\bin\nt64\unwrapped\trce.exe -intstyle ise -v 3 -s 3
-n 3 -fastpaths -xml c2s.twx c2s.ncd -o c2s.twr c2s.pcf

Design file:              c2s.ncd
Physical constraint file: c2s.pcf
Device,package,speed:     xc6slx16,csg324,C,-3 (PRODUCTION 1.23 2013-10-13)
Report level:             verbose report

Environment Variable      Effect 
--------------------      ------ 
NONE                      No environment variables were set
--------------------------------------------------------------------------------

INFO:Timing:2698 - No timing constraints found, doing default enumeration.
INFO:Timing:3412 - To improve timing, see the Timing Closure User Guide (UG612).
INFO:Timing:2752 - To get complete path coverage, use the unconstrained paths 
   option. All paths that are not constrained will be reported in the 
   unconstrained paths section(s) of the report.
INFO:Timing:3339 - The clock-to-out numbers in this timing report are based on 
   a 50 Ohm transmission line loading model.  For the details of this model, 
   and for more information on accounting for different loading conditions, 
   please see the device datasheet.



Data Sheet report:
-----------------
All values displayed in nanoseconds (ns)

Pad to Pad
---------------+----------------+---------+
Source Pad     |Destination Pad |  Delay  |
---------------+----------------+---------+
input<0>       |signed_output<0>|    5.427|
input<0>       |signed_output<1>|    6.436|
input<0>       |signed_output<2>|    6.399|
input<1>       |signed_output<1>|    6.776|
input<1>       |signed_output<2>|    6.739|
input<2>       |signed_output<2>|    6.605|
input<3>       |sign            |    5.368|
input<3>       |signed_output<1>|    6.617|
input<3>       |signed_output<2>|    6.580|
---------------+----------------+---------+


Analysis completed Sun Nov 27 00:25:44 2022 
--------------------------------------------------------------------------------

Trace Settings:
-------------------------
Trace Settings 

Peak Memory Usage: 4583 MB



